[www.salwyrr.com/index.html]
[backblue.gif]
[fade.gif]
[index.html]
[go.ezoic.net/ezoic/ezoic.js]
[www.salwyrr.com/image/slw_square.png]
[www.salwyrr.com/css/styleae52.css]
[www.salwyrr.com/css/header1bce.css]
[www.salwyrr.com/css/first_panelae52.css]
[www.salwyrr.com/css/mods_panelae52.css]
[www.salwyrr.com/css/fps_panelae52.css]
[www.salwyrr.com/css/security_panelae52.css]
[www.salwyrr.com/css/offline_account_panelae52.css]
[www.salwyrr.com/css/partner_panelae52.css]
[www.salwyrr.com/css/services_panelae52.css]
[www.salwyrr.com/css/footerae52.css]
[www.salwyrr.com/image/slw.png]
[www.salwyrr.com/4/Salwyrr Minecraft Launcher 4.jar]
[www.salwyrr.com/image/mainmenu.png]
[www.salwyrr.com/image/versionsc5b4.png]
[www.salwyrr.com/image/mods.png]
[www.salwyrr.com/image/pvp.png]
[www.salwyrr.com/image/skins.png]
[www.salwyrr.com/image/chart.png]
[www.salwyrr.com/share/images/logo_mini.png]
[www.salwyrr.com/share/index.html]
[www.salwyrr.com/legal.html]
[kit.fontawesome.com/30e8053b62.js]
[www.salwyrr.com/js/ripple7b30.js]
[www.salwyrr.com/index.html]
[www.salwyrr.com/image/blocks.png]
[www.salwyrr.com/image/blocks_dark.png]
[www.salwyrr.com/css/styleae52.css]
[www.salwyrr.com/css/header1bce.css]
[www.salwyrr.com/image/background.png]
[www.salwyrr.com/css/first_panelae52.css]
[www.salwyrr.com/css/mods_panelae52.css]
[www.salwyrr.com/css/fps_panelae52.css]
[www.salwyrr.com/css/security_panelae52.css]
[www.salwyrr.com/css/offline_account_panelae52.css]
[www.salwyrr.com/css/partner_panelae52.css]
[www.salwyrr.com/css/services_panelae52.css]
[www.salwyrr.com/css/footerae52.css]
[www.salwyrr.com/share/css/main17dd.css]
[www.salwyrr.com/share/css/share_panel17dd.css]
[www.salwyrr.com/share/css/share_id_panel17dd.css]
[www.salwyrr.com/share/css/share_method_panel17dd.css]
[www.salwyrr.com/share/css/footer17dd.css]
[www.salwyrr.com/share/manifest/application.json]
[www.salwyrr.com/share/js/app.js]
[www.salwyrr.com/share/index.html]
[www.salwyrr.com/style_css/bootstrap.min.css]
[www.salwyrr.com/style_css/utils.css]
[www.salwyrr.com/style_css/funcraft.css]
[www.salwyrr.com/img/logo/logo_200x200.png]
[www.salwyrr.com/img/logo/logo_mini.png]
[www.salwyrr.com/legal.html]
[www.salwyrr.com/share/css/main17dd.css]
[www.salwyrr.com/share/css/share_panel17dd.css]
[www.salwyrr.com/share/css/share_id_panel17dd.css]
[www.salwyrr.com/share/css/share_method_panel17dd.css]
[www.salwyrr.com/share/css/footer17dd.css]
[www.salwyrr.com/share/js/ids.html]
[www.salwyrr.com/share/js/send.html]
[www.salwyrr.com/share/js/receive.html]
[www.salwyrr.com/share/js/method.html]
[www.salwyrr.com/style_css/bootstrap.min.css]
[www.salwyrr.com/style_css/utils.css]
[www.salwyrr.com/style_css/funcraft.css]
[www.salwyrr.com/fonts/glyphicons-halflings-regular.html]
[www.salwyrr.com/fonts/glyphicons-halflings-regulard41d.html]
[www.salwyrr.com/fonts/glyphicons-halflings-regular-2.html]
[www.salwyrr.com/fonts/glyphicons-halflings-regular-3.html]
[www.salwyrr.com/fonts/glyphicons-halflings-regular-4.html]
[www.salwyrr.com/fonts/glyphicons-halflings-regular-5.html]
